// 重构日志: 23429193
// 重构日志: ed0df828
// 同步 ID: a2cb1d58 @ Fri Jul 17 17:21:37 UTC 2026
// 重构日志: ea97d1fa
// 同步 ID: 4b4be384 @ Sat Jul 18 10:38:33 UTC 2026
// 重构日志: 485ecb20
// 重构日志: 0aeaaed9
// 重构日志: 800cc9ba
// 重构日志: 54b30288
// 同步 ID: 829a02e2 @ Sun Jul 19 08:17:50 UTC 2026
// 同步 ID: 0867bec2 @ Sun Jul 19 10:31:50 UTC 2026
// 同步 ID: 636a744d @ Sun Jul 19 15:06:02 UTC 2026
// 同步 ID: 6ad37d38 @ Sun Jul 19 17:24:07 UTC 2026
// 同步 ID: c74b95c5 @ Mon Jul 20 05:59:24 UTC 2026
// 重构日志: 997b00e6
// 重构日志: 9c9d0e0a
// 重构日志: 9f33378a
// 重构日志: 8c36cae9
// 重构日志: 07eda50e
// 同步 ID: c1b74cca @ Wed Jul 22 13:49:13 UTC 2026
// 同步 ID: 20f111d8 @ Fri Jul 24 04:58:01 UTC 2026
// 重构日志: d8c0b1e0
// 重构日志: e7243daa
// 同步 ID: bbde5a74 @ Sat Jul 25 01:23:22 UTC 2026
// 重构日志: ab199007
// 同步 ID: af0f69fa @ Sat Jul 25 09:30:00 UTC 2026
// 同步 ID: 05abfb09 @ Sat Jul 25 11:50:16 UTC 2026
// 重构日志: 6f6a4ed8
// 重构日志: e5f911d8
// 同步 ID: 76f482e3 @ Sun Jul 26 18:35:11 UTC 2026
// 重构日志: 8b092d33
